Archive member included to satisfy reference by file (symbol)

c:/st/stm32cubeide_1.1.0/stm32cubeide/plugins/com.st.stm32cube.ide.mcu.externaltools.gnu-tools-for-stm32.7-2018-q2-update.win32_1.0.0.201904181610/tools/bin/../lib/gcc/arm-none-eabi/7.3.1/../../../../arm-none-eabi/lib/thumb/v7e-m/fpv4-sp/hard\libc_nano.a(lib_a-errno.o)
                              src/syscalls.o (__errno)
c:/st/stm32cubeide_1.1.0/stm32cubeide/plugins/com.st.stm32cube.ide.mcu.externaltools.gnu-tools-for-stm32.7-2018-q2-update.win32_1.0.0.201904181610/tools/bin/../lib/gcc/arm-none-eabi/7.3.1/../../../../arm-none-eabi/lib/thumb/v7e-m/fpv4-sp/hard\libc_nano.a(lib_a-exit.o)
                              c:/st/stm32cubeide_1.1.0/stm32cubeide/plugins/com.st.stm32cube.ide.mcu.externaltools.gnu-tools-for-stm32.7-2018-q2-update.win32_1.0.0.201904181610/tools/bin/../lib/gcc/arm-none-eabi/7.3.1/../../../../arm-none-eabi/lib/thumb/v7e-m/fpv4-sp/hard/crt0.o (exit)
c:/st/stm32cubeide_1.1.0/stm32cubeide/plugins/com.st.stm32cube.ide.mcu.externaltools.gnu-tools-for-stm32.7-2018-q2-update.win32_1.0.0.201904181610/tools/bin/../lib/gcc/arm-none-eabi/7.3.1/../../../../arm-none-eabi/lib/thumb/v7e-m/fpv4-sp/hard\libc_nano.a(lib_a-impure.o)
                              c:/st/stm32cubeide_1.1.0/stm32cubeide/plugins/com.st.stm32cube.ide.mcu.externaltools.gnu-tools-for-stm32.7-2018-q2-update.win32_1.0.0.201904181610/tools/bin/../lib/gcc/arm-none-eabi/7.3.1/../../../../arm-none-eabi/lib/thumb/v7e-m/fpv4-sp/hard\libc_nano.a(lib_a-exit.o) (_global_impure_ptr)
c:/st/stm32cubeide_1.1.0/stm32cubeide/plugins/com.st.stm32cube.ide.mcu.externaltools.gnu-tools-for-stm32.7-2018-q2-update.win32_1.0.0.201904181610/tools/bin/../lib/gcc/arm-none-eabi/7.3.1/../../../../arm-none-eabi/lib/thumb/v7e-m/fpv4-sp/hard\libc_nano.a(lib_a-init.o)
                              c:/st/stm32cubeide_1.1.0/stm32cubeide/plugins/com.st.stm32cube.ide.mcu.externaltools.gnu-tools-for-stm32.7-2018-q2-update.win32_1.0.0.201904181610/tools/bin/../lib/gcc/arm-none-eabi/7.3.1/../../../../arm-none-eabi/lib/thumb/v7e-m/fpv4-sp/hard/crt0.o (__libc_init_array)
c:/st/stm32cubeide_1.1.0/stm32cubeide/plugins/com.st.stm32cube.ide.mcu.externaltools.gnu-tools-for-stm32.7-2018-q2-update.win32_1.0.0.201904181610/tools/bin/../lib/gcc/arm-none-eabi/7.3.1/../../../../arm-none-eabi/lib/thumb/v7e-m/fpv4-sp/hard\libc_nano.a(lib_a-memset.o)
                              c:/st/stm32cubeide_1.1.0/stm32cubeide/plugins/com.st.stm32cube.ide.mcu.externaltools.gnu-tools-for-stm32.7-2018-q2-update.win32_1.0.0.201904181610/tools/bin/../lib/gcc/arm-none-eabi/7.3.1/../../../../arm-none-eabi/lib/thumb/v7e-m/fpv4-sp/hard/crt0.o (memset)
c:/st/stm32cubeide_1.1.0/stm32cubeide/plugins/com.st.stm32cube.ide.mcu.externaltools.gnu-tools-for-stm32.7-2018-q2-update.win32_1.0.0.201904181610/tools/bin/../lib/gcc/arm-none-eabi/7.3.1/../../../../arm-none-eabi/lib/thumb/v7e-m/fpv4-sp/hard\libc_nano.a(lib_a-strlen.o)
                              LCD16x2/LCD.o (strlen)

Discarded input sections

 .text          0x0000000000000000        0x0 c:/st/stm32cubeide_1.1.0/stm32cubeide/plugins/com.st.stm32cube.ide.mcu.externaltools.gnu-tools-for-stm32.7-2018-q2-update.win32_1.0.0.201904181610/tools/bin/../lib/gcc/arm-none-eabi/7.3.1/thumb/v7e-m/fpv4-sp/hard/crti.o
 .data          0x0000000000000000        0x0 c:/st/stm32cubeide_1.1.0/stm32cubeide/plugins/com.st.stm32cube.ide.mcu.externaltools.gnu-tools-for-stm32.7-2018-q2-update.win32_1.0.0.201904181610/tools/bin/../lib/gcc/arm-none-eabi/7.3.1/thumb/v7e-m/fpv4-sp/hard/crti.o
 .bss           0x0000000000000000        0x0 c:/st/stm32cubeide_1.1.0/stm32cubeide/plugins/com.st.stm32cube.ide.mcu.externaltools.gnu-tools-for-stm32.7-2018-q2-update.win32_1.0.0.201904181610/tools/bin/../lib/gcc/arm-none-eabi/7.3.1/thumb/v7e-m/fpv4-sp/hard/crti.o
 .data          0x0000000000000000        0x4 c:/st/stm32cubeide_1.1.0/stm32cubeide/plugins/com.st.stm32cube.ide.mcu.externaltools.gnu-tools-for-stm32.7-2018-q2-update.win32_1.0.0.201904181610/tools/bin/../lib/gcc/arm-none-eabi/7.3.1/thumb/v7e-m/fpv4-sp/hard/crtbegin.o
 .text          0x0000000000000000       0x74 c:/st/stm32cubeide_1.1.0/stm32cubeide/plugins/com.st.stm32cube.ide.mcu.externaltools.gnu-tools-for-stm32.7-2018-q2-update.win32_1.0.0.201904181610/tools/bin/../lib/gcc/arm-none-eabi/7.3.1/../../../../arm-none-eabi/lib/thumb/v7e-m/fpv4-sp/hard/crt0.o
 .data          0x0000000000000000        0x0 c:/st/stm32cubeide_1.1.0/stm32cubeide/plugins/com.st.stm32cube.ide.mcu.externaltools.gnu-tools-for-stm32.7-2018-q2-update.win32_1.0.0.201904181610/tools/bin/../lib/gcc/arm-none-eabi/7.3.1/../../../../arm-none-eabi/lib/thumb/v7e-m/fpv4-sp/hard/crt0.o
 .bss           0x0000000000000000        0x0 c:/st/stm32cubeide_1.1.0/stm32cubeide/plugins/com.st.stm32cube.ide.mcu.externaltools.gnu-tools-for-stm32.7-2018-q2-update.win32_1.0.0.201904181610/tools/bin/../lib/gcc/arm-none-eabi/7.3.1/../../../../arm-none-eabi/lib/thumb/v7e-m/fpv4-sp/hard/crt0.o
[...]
Memory Configuration

Name             Origin             Length             Attributes
RAM              0x0000000020000000 0x0000000000020000 xrw
ROM              0x0000000008000000 0x0000000000080000 xr
*default*        0x0000000000000000 0xffffffffffffffff

Linker script and memory map

LOAD c:/st/stm32cubeide_1.1.0/stm32cubeide/plugins/com.st.stm32cube.ide.mcu.externaltools.gnu-tools-for-stm32.7-2018-q2-update.win32_1.0.0.201904181610/tools/bin/../lib/gcc/arm-none-eabi/7.3.1/thumb/v7e-m/fpv4-sp/hard/crti.o
LOAD c:/st/stm32cubeide_1.1.0/stm32cubeide/plugins/com.st.stm32cube.ide.mcu.externaltools.gnu-tools-for-stm32.7-2018-q2-update.win32_1.0.0.201904181610/tools/bin/../lib/gcc/arm-none-eabi/7.3.1/thumb/v7e-m/fpv4-sp/hard/crtbegin.o
LOAD c:/st/stm32cubeide_1.1.0/stm32cubeide/plugins/com.st.stm32cube.ide.mcu.externaltools.gnu-tools-for-stm32.7-2018-q2-update.win32_1.0.0.201904181610/tools/bin/../lib/gcc/arm-none-eabi/7.3.1/../../../../arm-none-eabi/lib/thumb/v7e-m/fpv4-sp/hard/crt0.o
LOAD LCD16x2/LCD.o
LOAD StdPeriph_Driver/src/misc.o
LOAD StdPeriph_Driver/src/stm32f4xx_adc.o
LOAD StdPeriph_Driver/src/stm32f4xx_can.o
LOAD StdPeriph_Driver/src/stm32f4xx_cec.o
LOAD StdPeriph_Driver/src/stm32f4xx_crc.o
LOAD StdPeriph_Driver/src/stm32f4xx_cryp.o
LOAD StdPeriph_Driver/src/stm32f4xx_cryp_aes.o
LOAD StdPeriph_Driver/src/stm32f4xx_cryp_des.o
LOAD StdPeriph_Driver/src/stm32f4xx_cryp_tdes.o
LOAD StdPeriph_Driver/src/stm32f4xx_dac.o
LOAD StdPeriph_Driver/src/stm32f4xx_dbgmcu.o
LOAD StdPeriph_Driver/src/stm32f4xx_dcmi.o
LOAD StdPeriph_Driver/src/stm32f4xx_dfsdm.o
LOAD StdPeriph_Driver/src/stm32f4xx_dma.o
LOAD StdPeriph_Driver/src/stm32f4xx_dma2d.o
LOAD StdPeriph_Driver/src/stm32f4xx_dsi.o
LOAD StdPeriph_Driver/src/stm32f4xx_exti.o
LOAD StdPeriph_Driver/src/stm32f4xx_flash.o
LOAD StdPeriph_Driver/src/stm32f4xx_flash_ramfunc.o
LOAD StdPeriph_Driver/src/stm32f4xx_fmc.o
LOAD StdPeriph_Driver/src/stm32f4xx_fmip2c.o
LOAD StdPeriph_Driver/src/stm32f4xx_fsmc.o
LOAD StdPeriph_Driver/src/stm32f4xx_gpio.o
LOAD StdPeriph_Driver/src/stm32f4xx_hash.o
LOAD StdPeriph_Driver/src/stm32f4xx_hash_md5.o
LOAD StdPeriph_Driver/src/stm32f4xx_hash_sha1.o
LOAD StdPeriph_Driver/src/stm32f4xx_i2c.o
LOAD StdPeriph_Driver/src/stm32f4xx_iwdg.o
LOAD StdPeriph_Driver/src/stm32f4xx_lptim.o
LOAD StdPeriph_Driver/src/stm32f4xx_ltdc.o
LOAD StdPeriph_Driver/src/stm32f4xx_pwr.o
LOAD StdPeriph_Driver/src/stm32f4xx_qspi.o
LOAD StdPeriph_Driver/src/stm32f4xx_rcc.o
LOAD StdPeriph_Driver/src/stm32f4xx_rng.o
LOAD StdPeriph_Driver/src/stm32f4xx_rtc.o
LOAD StdPeriph_Driver/src/stm32f4xx_sai.o
LOAD StdPeriph_Driver/src/stm32f4xx_sdio.o
LOAD StdPeriph_Driver/src/stm32f4xx_spdifrx.o
LOAD StdPeriph_Driver/src/stm32f4xx_spi.o
LOAD StdPeriph_Driver/src/stm32f4xx_syscfg.o
LOAD StdPeriph_Driver/src/stm32f4xx_tim.o
LOAD StdPeriph_Driver/src/stm32f4xx_usart.o
LOAD StdPeriph_Driver/src/stm32f4xx_wwdg.o
LOAD src/main.o
LOAD src/syscalls.o
LOAD src/system_stm32f4xx.o
LOAD startup/startup_stm32.o
START GROUP
LOAD c:/st/stm32cubeide_1.1.0/stm32cubeide/plugins/com.st.stm32cube.ide.mcu.externaltools.gnu-tools-for-stm32.7-2018-q2-update.win32_1.0.0.201904181610/tools/bin/../lib/gcc/arm-none-eabi/7.3.1/../../../../arm-none-eabi/lib/thumb/v7e-m/fpv4-sp/hard\libc_nano.a
LOAD c:/st/stm32cubeide_1.1.0/stm32cubeide/plugins/com.st.stm32cube.ide.mcu.externaltools.gnu-tools-for-stm32.7-2018-q2-update.win32_1.0.0.201904181610/tools/bin/../lib/gcc/arm-none-eabi/7.3.1/../../../../arm-none-eabi/lib/thumb/v7e-m/fpv4-sp/hard\libm.a
END GROUP
START GROUP
LOAD c:/st/stm32cubeide_1.1.0/stm32cubeide/plugins/com.st.stm32cube.ide.mcu.externaltools.gnu-tools-for-stm32.7-2018-q2-update.win32_1.0.0.201904181610/tools/bin/../lib/gcc/arm-none-eabi/7.3.1/thumb/v7e-m/fpv4-sp/hard\libgcc.a
LOAD c:/st/stm32cubeide_1.1.0/stm32cubeide/plugins/com.st.stm32cube.ide.mcu.externaltools.gnu-tools-for-stm32.7-2018-q2-update.win32_1.0.0.201904181610/tools/bin/../lib/gcc/arm-none-eabi/7.3.1/../../../../arm-none-eabi/lib/thumb/v7e-m/fpv4-sp/hard\libc_nano.a
END GROUP
START GROUP
LOAD c:/st/stm32cubeide_1.1.0/stm32cubeide/plugins/com.st.stm32cube.ide.mcu.externaltools.gnu-tools-for-stm32.7-2018-q2-update.win32_1.0.0.201904181610/tools/bin/../lib/gcc/arm-none-eabi/7.3.1/thumb/v7e-m/fpv4-sp/hard\libgcc.a
LOAD c:/st/stm32cubeide_1.1.0/stm32cubeide/plugins/com.st.stm32cube.ide.mcu.externaltools.gnu-tools-for-stm32.7-2018-q2-update.win32_1.0.0.201904181610/tools/bin/../lib/gcc/arm-none-eabi/7.3.1/../../../../arm-none-eabi/lib/thumb/v7e-m/fpv4-sp/hard\libc_nano.a
LOAD c:/st/stm32cubeide_1.1.0/stm32cubeide/plugins/com.st.stm32cube.ide.mcu.externaltools.gnu-tools-for-stm32.7-2018-q2-update.win32_1.0.0.201904181610/tools/bin/../lib/gcc/arm-none-eabi/7.3.1/../../../../arm-none-eabi/lib/thumb/v7e-m/fpv4-sp/hard\libnosys.a
END GROUP
START GROUP
LOAD c:/st/stm32cubeide_1.1.0/stm32cubeide/plugins/com.st.stm32cube.ide.mcu.externaltools.gnu-tools-for-stm32.7-2018-q2-update.win32_1.0.0.201904181610/tools/bin/../lib/gcc/arm-none-eabi/7.3.1/thumb/v7e-m/fpv4-sp/hard\libgcc.a
LOAD c:/st/stm32cubeide_1.1.0/stm32cubeide/plugins/com.st.stm32cube.ide.mcu.externaltools.gnu-tools-for-stm32.7-2018-q2-update.win32_1.0.0.201904181610/tools/bin/../lib/gcc/arm-none-eabi/7.3.1/../../../../arm-none-eabi/lib/thumb/v7e-m/fpv4-sp/hard\libc_nano.a
LOAD c:/st/stm32cubeide_1.1.0/stm32cubeide/plugins/com.st.stm32cube.ide.mcu.externaltools.gnu-tools-for-stm32.7-2018-q2-update.win32_1.0.0.201904181610/tools/bin/../lib/gcc/arm-none-eabi/7.3.1/../../../../arm-none-eabi/lib/thumb/v7e-m/fpv4-sp/hard\libnosys.a
END GROUP
LOAD c:/st/stm32cubeide_1.1.0/stm32cubeide/plugins/com.st.stm32cube.ide.mcu.externaltools.gnu-tools-for-stm32.7-2018-q2-update.win32_1.0.0.201904181610/tools/bin/../lib/gcc/arm-none-eabi/7.3.1/thumb/v7e-m/fpv4-sp/hard/crtend.o
LOAD c:/st/stm32cubeide_1.1.0/stm32cubeide/plugins/com.st.stm32cube.ide.mcu.externaltools.gnu-tools-for-stm32.7-2018-q2-update.win32_1.0.0.201904181610/tools/bin/../lib/gcc/arm-none-eabi/7.3.1/thumb/v7e-m/fpv4-sp/hard/crtn.o
                0x0000000020020000                _estack = 0x20020000
                0x0000000000000000                _Min_Heap_Size = 0x0
                0x0000000000000400                _Min_Stack_Size = 0x400

.isr_vector     0x0000000008000000      0x1c4
                0x0000000008000000                . = ALIGN (0x4)
 *(.isr_vector)
 .isr_vector    0x0000000008000000      0x1c4 startup/startup_stm32.o
                0x0000000008000000                g_pfnVectors
                0x00000000080001c4                . = ALIGN (0x4)

.text           0x00000000080001c4      0x968
                0x00000000080001c4                . = ALIGN (0x4)
 *(.text)
 .text          0x00000000080001c4       0x40 c:/st/stm32cubeide_1.1.0/stm32cubeide/plugins/com.st.stm32cube.ide.mcu.externaltools.gnu-tools-for-stm32.7-2018-q2-update.win32_1.0.0.201904181610/tools/bin/../lib/gcc/arm-none-eabi/7.3.1/thumb/v7e-m/fpv4-sp/hard/crtbegin.o
 .text          0x0000000008000204       0x10 c:/st/stm32cubeide_1.1.0/stm32cubeide/plugins/com.st.stm32cube.ide.mcu.externaltools.gnu-tools-for-stm32.7-2018-q2-update.win32_1.0.0.201904181610/tools/bin/../lib/gcc/arm-none-eabi/7.3.1/../../../../arm-none-eabi/lib/thumb/v7e-m/fpv4-sp/hard\libc_nano.a(lib_a-strlen.o)
                0x0000000008000204                strlen
 *(.text*)
 .text.LCD_ScreenSetup
                0x0000000008000214      0x10c LCD16x2/LCD.o
                0x0000000008000214                LCD_ScreenSetup
 .text.LCD_WriteData
                0x0000000008000320       0x42 LCD16x2/LCD.o
                0x0000000008000320                LCD_WriteData
 .text.LCD_WriteCharacter
                0x0000000008000362       0x70 LCD16x2/LCD.o
                0x0000000008000362                LCD_WriteCharacter
 .text.LCD_PinSetup
                0x00000000080003d2       0xc0 LCD16x2/LCD.o
                0x00000000080003d2                LCD_PinSetup
 .text.GPIO_Init
                0x0000000008000492      0x11c StdPeriph_Driver/src/stm32f4xx_gpio.o
                0x0000000008000492                GPIO_Init
 .text.GPIO_WriteBit
                0x00000000080005ae       0x4a StdPeriph_Driver/src/stm32f4xx_gpio.o
                0x00000000080005ae                GPIO_WriteBit
 .text.GPIO_Write
                0x00000000080005f8       0x1e StdPeriph_Driver/src/stm32f4xx_gpio.o
                0x00000000080005f8                GPIO_Write
 *fill*         0x0000000008000616        0x2 
 .text.RCC_DeInit
                0x0000000008000618       0x70 StdPeriph_Driver/src/stm32f4xx_rcc.o
                0x0000000008000618                RCC_DeInit
 .text.RCC_AHB1PeriphClockCmd
                0x0000000008000688       0x40 StdPeriph_Driver/src/stm32f4xx_rcc.o
                0x0000000008000688                RCC_AHB1PeriphClockCmd
 .text.main     0x00000000080006c8       0x6c src/main.o
                0x00000000080006c8                main
 .text.SystemInit
                0x0000000008000734       0x6c src/system_stm32f4xx.o
                0x0000000008000734                SystemInit
 .text.SystemCoreClockUpdate
                0x00000000080007a0      0x19c src/system_stm32f4xx.o
                0x00000000080007a0                SystemCoreClockUpdate
 .text.SetSysClock
                0x000000000800093c      0x12c src/system_stm32f4xx.o
 .text.Reset_Handler
                0x0000000008000a68       0x50 startup/startup_stm32.o
                0x0000000008000a68                Reset_Handler
 .text.Default_Handler
                0x0000000008000ab8        0x2 startup/startup_stm32.o
                0x0000000008000ab8                RTC_Alarm_IRQHandler
                0x0000000008000ab8                EXTI2_IRQHandler
                0x0000000008000ab8                TIM8_CC_IRQHandler
                0x0000000008000ab8                SPDIF_Rx_IRQHandler
                0x0000000008000ab8                DebugMon_Handler
                0x0000000008000ab8                SPI4_IRQHandler
                0x0000000008000ab8                TIM1_CC_IRQHandler
                0x0000000008000ab8                QuadSPI_IRQHandler
                0x0000000008000ab8                DMA2_Stream5_IRQHandler
                0x0000000008000ab8                HardFault_Handler
                0x0000000008000ab8                DMA1_Stream5_IRQHandler
                0x0000000008000ab8                SysTick_Handler
                0x0000000008000ab8                PVD_IRQHandler
                0x0000000008000ab8                SDIO_IRQHandler
                0x0000000008000ab8                TAMP_STAMP_IRQHandler
                0x0000000008000ab8                PendSV_Handler
                0x0000000008000ab8                NMI_Handler
                0x0000000008000ab8                CAN2_RX1_IRQHandler
                0x0000000008000ab8                EXTI3_IRQHandler
                0x0000000008000ab8                TIM8_TRG_COM_TIM14_IRQHandler
                0x0000000008000ab8                TIM1_UP_TIM10_IRQHandler
                0x0000000008000ab8                FMPI2C1_error_IRQHandler
                0x0000000008000ab8                TIM8_UP_TIM13_IRQHandler
                0x0000000008000ab8                I2C3_ER_IRQHandler
                0x0000000008000ab8                EXTI0_IRQHandler
                0x0000000008000ab8                I2C2_EV_IRQHandler
                0x0000000008000ab8                DMA1_Stream2_IRQHandler
                0x0000000008000ab8                CAN1_RX0_IRQHandler
                0x0000000008000ab8                FPU_IRQHandler
                0x0000000008000ab8                OTG_HS_WKUP_IRQHandler
                0x0000000008000ab8                UsageFault_Handler
                0x0000000008000ab8                CAN2_SCE_IRQHandler
                0x0000000008000ab8                DMA2_Stream2_IRQHandler
                0x0000000008000ab8                SPI1_IRQHandler
                0x0000000008000ab8                TIM6_DAC_IRQHandler
                0x0000000008000ab8                TIM1_BRK_TIM9_IRQHandler
                0x0000000008000ab8                DCMI_IRQHandler
                0x0000000008000ab8                CAN2_RX0_IRQHandler
                0x0000000008000ab8                DMA2_Stream3_IRQHandler
                0x0000000008000ab8                FMPI2C1_IRQHandler
                0x0000000008000ab8                SAI2_IRQHandler
                0x0000000008000ab8                USART6_IRQHandler
                0x0000000008000ab8                USART3_IRQHandler
                0x0000000008000ab8                CAN1_RX1_IRQHandler
                0x0000000008000ab8                UART5_IRQHandler
                0x0000000008000ab8                DMA2_Stream0_IRQHandler
                0x0000000008000ab8                TIM4_IRQHandler
                0x0000000008000ab8                I2C1_EV_IRQHandler
                0x0000000008000ab8                HDMI_CEC_IRQHandler
                0x0000000008000ab8                DMA1_Stream6_IRQHandler
                0x0000000008000ab8                DMA1_Stream1_IRQHandler
                0x0000000008000ab8                UART4_IRQHandler
                0x0000000008000ab8                TIM3_IRQHandler
                0x0000000008000ab8                RCC_IRQHandler
                0x0000000008000ab8                TIM8_BRK_TIM12_IRQHandler
                0x0000000008000ab8                Default_Handler
                0x0000000008000ab8                EXTI15_10_IRQHandler
                0x0000000008000ab8                ADC_IRQHandler
                0x0000000008000ab8                DMA1_Stream7_IRQHandler
                0x0000000008000ab8                TIM7_IRQHandler
                0x0000000008000ab8                CAN2_TX_IRQHandler
                0x0000000008000ab8                TIM5_IRQHandler
                0x0000000008000ab8                DMA2_Stream7_IRQHandler
                0x0000000008000ab8                I2C3_EV_IRQHandler
                0x0000000008000ab8                EXTI9_5_IRQHandler
                0x0000000008000ab8                RTC_WKUP_IRQHandler
                0x0000000008000ab8                SPI2_IRQHandler
                0x0000000008000ab8                OTG_HS_EP1_IN_IRQHandler
                0x0000000008000ab8                MemManage_Handler
                0x0000000008000ab8                DMA1_Stream0_IRQHandler
                0x0000000008000ab8                CAN1_TX_IRQHandler
                0x0000000008000ab8                SVC_Handler
                0x0000000008000ab8                EXTI4_IRQHandler
                0x0000000008000ab8                OTG_HS_EP1_OUT_IRQHandler
                0x0000000008000ab8                WWDG_IRQHandler
                0x0000000008000ab8                TIM2_IRQHandler
                0x0000000008000ab8                OTG_FS_WKUP_IRQHandler
                0x0000000008000ab8                TIM1_TRG_COM_TIM11_IRQHandler
                0x0000000008000ab8                OTG_HS_IRQHandler
                0x0000000008000ab8                EXTI1_IRQHandler
                0x0000000008000ab8                USART2_IRQHandler
                0x0000000008000ab8                I2C2_ER_IRQHandler
                0x0000000008000ab8                DMA2_Stream1_IRQHandler
                0x0000000008000ab8                CAN1_SCE_IRQHandler
                0x0000000008000ab8                FLASH_IRQHandler
                0x0000000008000ab8                DMA2_Stream4_IRQHandler
                0x0000000008000ab8                BusFault_Handler
                0x0000000008000ab8                USART1_IRQHandler
                0x0000000008000ab8                OTG_FS_IRQHandler
                0x0000000008000ab8                SPI3_IRQHandler
                0x0000000008000ab8                DMA1_Stream4_IRQHandler
                0x0000000008000ab8                I2C1_ER_IRQHandler
                0x0000000008000ab8                FMC_IRQHandler
                0x0000000008000ab8                DMA2_Stream6_IRQHandler
                0x0000000008000ab8                SAI1_IRQHandler
                0x0000000008000ab8                DMA1_Stream3_IRQHandler
 *fill*         0x0000000008000aba        0x2 
 .text.__libc_init_array
                0x0000000008000abc       0x48 c:/st/stm32cubeide_1.1.0/stm32cubeide/plugins/com.st.stm32cube.ide.mcu.externaltools.gnu-tools-for-stm32.7-2018-q2-update.win32_1.0.0.201904181610/tools/bin/../lib/gcc/arm-none-eabi/7.3.1/../../../../arm-none-eabi/lib/thumb/v7e-m/fpv4-sp/hard\libc_nano.a(lib_a-init.o)
                0x0000000008000abc                __libc_init_array
 .text.memset   0x0000000008000b04       0x10 c:/st/stm32cubeide_1.1.0/stm32cubeide/plugins/com.st.stm32cube.ide.mcu.externaltools.gnu-tools-for-stm32.7-2018-q2-update.win32_1.0.0.201904181610/tools/bin/../lib/gcc/arm-none-eabi/7.3.1/../../../../arm-none-eabi/lib/thumb/v7e-m/fpv4-sp/hard\libc_nano.a(lib_a-memset.o)
                0x0000000008000b04                memset
 *(.glue_7)
 .glue_7        0x0000000008000b14        0x0 linker stubs
 *(.glue_7t)
 .glue_7t       0x0000000008000b14        0x0 linker stubs
 *(.eh_frame)
 .eh_frame      0x0000000008000b14        0x0 c:/st/stm32cubeide_1.1.0/stm32cubeide/plugins/com.st.stm32cube.ide.mcu.externaltools.gnu-tools-for-stm32.7-2018-q2-update.win32_1.0.0.201904181610/tools/bin/../lib/gcc/arm-none-eabi/7.3.1/thumb/v7e-m/fpv4-sp/hard/crtbegin.o
 *(.init)
 .init          0x0000000008000b14        0x4 c:/st/stm32cubeide_1.1.0/stm32cubeide/plugins/com.st.stm32cube.ide.mcu.externaltools.gnu-tools-for-stm32.7-2018-q2-update.win32_1.0.0.201904181610/tools/bin/../lib/gcc/arm-none-eabi/7.3.1/thumb/v7e-m/fpv4-sp/hard/crti.o
                0x0000000008000b14                _init
 .init          0x0000000008000b18        0x8 c:/st/stm32cubeide_1.1.0/stm32cubeide/plugins/com.st.stm32cube.ide.mcu.externaltools.gnu-tools-for-stm32.7-2018-q2-update.win32_1.0.0.201904181610/tools/bin/../lib/gcc/arm-none-eabi/7.3.1/thumb/v7e-m/fpv4-sp/hard/crtn.o
 *(.fini)
 .fini          0x0000000008000b20        0x4 c:/st/stm32cubeide_1.1.0/stm32cubeide/plugins/com.st.stm32cube.ide.mcu.externaltools.gnu-tools-for-stm32.7-2018-q2-update.win32_1.0.0.201904181610/tools/bin/../lib/gcc/arm-none-eabi/7.3.1/thumb/v7e-m/fpv4-sp/hard/crti.o
                0x0000000008000b20                _fini
 .fini          0x0000000008000b24        0x8 c:/st/stm32cubeide_1.1.0/stm32cubeide/plugins/com.st.stm32cube.ide.mcu.externaltools.gnu-tools-for-stm32.7-2018-q2-update.win32_1.0.0.201904181610/tools/bin/../lib/gcc/arm-none-eabi/7.3.1/thumb/v7e-m/fpv4-sp/hard/crtn.o
                0x0000000008000b2c                . = ALIGN (0x4)
                0x0000000008000b2c                _etext = .

.vfp11_veneer   0x0000000008000b2c        0x0
 .vfp11_veneer  0x0000000008000b2c        0x0 linker stubs

.v4_bx          0x0000000008000b2c        0x0
 .v4_bx         0x0000000008000b2c        0x0 linker stubs

.iplt           0x0000000008000b2c        0x0
 .iplt          0x0000000008000b2c        0x0 c:/st/stm32cubeide_1.1.0/stm32cubeide/plugins/com.st.stm32cube.ide.mcu.externaltools.gnu-tools-for-stm32.7-2018-q2-update.win32_1.0.0.201904181610/tools/bin/../lib/gcc/arm-none-eabi/7.3.1/thumb/v7e-m/fpv4-sp/hard/crtbegin.o

.rodata         0x0000000008000b2c        0xc
                0x0000000008000b2c                . = ALIGN (0x4)
 *(.rodata)
 .rodata        0x0000000008000b2c        0xc src/main.o
 *(.rodata*)
                0x0000000008000b38                . = ALIGN (0x4)

.rel.dyn        0x0000000008000b38        0x0
 .rel.iplt      0x0000000008000b38        0x0 c:/st/stm32cubeide_1.1.0/stm32cubeide/plugins/com.st.stm32cube.ide.mcu.externaltools.gnu-tools-for-stm32.7-2018-q2-update.win32_1.0.0.201904181610/tools/bin/../lib/gcc/arm-none-eabi/7.3.1/thumb/v7e-m/fpv4-sp/hard/crtbegin.o

.ARM.extab      0x0000000008000b38        0x0
                0x0000000008000b38                . = ALIGN (0x4)
 *(.ARM.extab* .gnu.linkonce.armextab.*)
                0x0000000008000b38                . = ALIGN (0x4)

.ARM            0x0000000008000b38        0x0
                0x0000000008000b38                . = ALIGN (0x4)
                0x0000000008000b38                __exidx_start = .
 *(.ARM.exidx*)
                0x0000000008000b38                __exidx_end = .
                0x0000000008000b38                . = ALIGN (0x4)

.preinit_array  0x0000000008000b38        0x0
                0x0000000008000b38                . = ALIGN (0x4)
                0x0000000008000b38                PROVIDE (__preinit_array_start = .)
 *(.preinit_array*)
                0x0000000008000b38                PROVIDE (__preinit_array_end = .)
                0x0000000008000b38                . = ALIGN (0x4)

.init_array     0x0000000008000b38        0x4
                0x0000000008000b38                . = ALIGN (0x4)
                0x0000000008000b38                PROVIDE (__init_array_start = .)
 *(SORT_BY_NAME(.init_array.*))
 *(.init_array*)
 .init_array    0x0000000008000b38        0x4 c:/st/stm32cubeide_1.1.0/stm32cubeide/plugins/com.st.stm32cube.ide.mcu.externaltools.gnu-tools-for-stm32.7-2018-q2-update.win32_1.0.0.201904181610/tools/bin/../lib/gcc/arm-none-eabi/7.3.1/thumb/v7e-m/fpv4-sp/hard/crtbegin.o
                0x0000000008000b3c                PROVIDE (__init_array_end = .)
                0x0000000008000b3c                . = ALIGN (0x4)

.fini_array     0x0000000008000b3c        0x4
                0x0000000008000b3c                . = ALIGN (0x4)
                [!provide]                        PROVIDE (__fini_array_start = .)
 *(SORT_BY_NAME(.fini_array.*))
 *(.fini_array*)
 .fini_array    0x0000000008000b3c        0x4 c:/st/stm32cubeide_1.1.0/stm32cubeide/plugins/com.st.stm32cube.ide.mcu.externaltools.gnu-tools-for-stm32.7-2018-q2-update.win32_1.0.0.201904181610/tools/bin/../lib/gcc/arm-none-eabi/7.3.1/thumb/v7e-m/fpv4-sp/hard/crtbegin.o
                [!provide]                        PROVIDE (__fini_array_end = .)
                0x0000000008000b40                . = ALIGN (0x4)
                0x0000000008000b40                _sidata = LOADADDR (.data)

.data           0x0000000020000000       0x14 load address 0x0000000008000b40
                0x0000000020000000                . = ALIGN (0x4)
                0x0000000020000000                _sdata = .
 *(.data)
 .data          0x0000000020000000       0x14 src/system_stm32f4xx.o
                0x0000000020000000                SystemCoreClock
                0x0000000020000004                AHBPrescTable
 *(.data*)
                0x0000000020000014                . = ALIGN (0x4)
                0x0000000020000014                _edata = .

.igot.plt       0x0000000020000014        0x0 load address 0x0000000008000b54
 .igot.plt      0x0000000020000014        0x0 c:/st/stm32cubeide_1.1.0/stm32cubeide/plugins/com.st.stm32cube.ide.mcu.externaltools.gnu-tools-for-stm32.7-2018-q2-update.win32_1.0.0.201904181610/tools/bin/../lib/gcc/arm-none-eabi/7.3.1/thumb/v7e-m/fpv4-sp/hard/crtbegin.o
                0x0000000020000014                . = ALIGN (0x4)

.bss            0x0000000020000014       0x1c load address 0x0000000008000b54
                0x0000000020000014                _sbss = .
                0x0000000020000014                __bss_start__ = _sbss
 *(.bss)
 .bss           0x0000000020000014       0x1c c:/st/stm32cubeide_1.1.0/stm32cubeide/plugins/com.st.stm32cube.ide.mcu.externaltools.gnu-tools-for-stm32.7-2018-q2-update.win32_1.0.0.201904181610/tools/bin/../lib/gcc/arm-none-eabi/7.3.1/thumb/v7e-m/fpv4-sp/hard/crtbegin.o
 *(.bss*)
 *(COMMON)
                0x0000000020000030                . = ALIGN (0x4)
                0x0000000020000030                _ebss = .
                0x0000000020000030                __bss_end__ = _ebss

._user_heap_stack
                0x0000000020000030      0x400 load address 0x0000000008000b54
                0x0000000020000030                . = ALIGN (0x8)
                0x0000000020000030                PROVIDE (end = .)
                [!provide]                        PROVIDE (_end = .)
                0x0000000020000030                . = (. + _Min_Heap_Size)
                0x0000000020000430                . = (. + _Min_Stack_Size)
 *fill*         0x0000000020000030      0x400 
                0x0000000020000430                . = ALIGN (0x8)

/DISCARD/
 libc.a(*)
 libm.a(*)
 libgcc.a(*)

.ARM.attributes
                0x0000000000000000       0x30
 *(.ARM.attributes)
 .ARM.attributes
                0x0000000000000000       0x22 c:/st/stm32cubeide_1.1.0/stm32cubeide/plugins/com.st.stm32cube.ide.mcu.externaltools.gnu-tools-for-stm32.7-2018-q2-update.win32_1.0.0.201904181610/tools/bin/../lib/gcc/arm-none-eabi/7.3.1/thumb/v7e-m/fpv4-sp/hard/crti.o
 .ARM.attributes
                0x0000000000000022       0x34 c:/st/stm32cubeide_1.1.0/stm32cubeide/plugins/com.st.stm32cube.ide.mcu.externaltools.gnu-tools-for-stm32.7-2018-q2-update.win32_1.0.0.201904181610/tools/bin/../lib/gcc/arm-none-eabi/7.3.1/thumb/v7e-m/fpv4-sp/hard/crtbegin.o
 .ARM.attributes
                0x0000000000000056       0x39 LCD16x2/LCD.o
 .ARM.attributes
                0x000000000000008f       0x39 StdPeriph_Driver/src/stm32f4xx_gpio.o
 .ARM.attributes
                0x00000000000000c8       0x39 StdPeriph_Driver/src/stm32f4xx_rcc.o
 .ARM.attributes
                0x0000000000000101       0x39 src/main.o
 .ARM.attributes
                0x000000000000013a       0x39 src/system_stm32f4xx.o
 .ARM.attributes
                0x0000000000000173       0x21 startup/startup_stm32.o
 .ARM.attributes
                0x0000000000000194       0x34 c:/st/stm32cubeide_1.1.0/stm32cubeide/plugins/com.st.stm32cube.ide.mcu.externaltools.gnu-tools-for-stm32.7-2018-q2-update.win32_1.0.0.201904181610/tools/bin/../lib/gcc/arm-none-eabi/7.3.1/../../../../arm-none-eabi/lib/thumb/v7e-m/fpv4-sp/hard\libc_nano.a(lib_a-init.o)
 .ARM.attributes
                0x00000000000001c8       0x34 c:/st/stm32cubeide_1.1.0/stm32cubeide/plugins/com.st.stm32cube.ide.mcu.externaltools.gnu-tools-for-stm32.7-2018-q2-update.win32_1.0.0.201904181610/tools/bin/../lib/gcc/arm-none-eabi/7.3.1/../../../../arm-none-eabi/lib/thumb/v7e-m/fpv4-sp/hard\libc_nano.a(lib_a-memset.o)
 .ARM.attributes
                0x00000000000001fc       0x1b c:/st/stm32cubeide_1.1.0/stm32cubeide/plugins/com.st.stm32cube.ide.mcu.externaltools.gnu-tools-for-stm32.7-2018-q2-update.win32_1.0.0.201904181610/tools/bin/../lib/gcc/arm-none-eabi/7.3.1/../../../../arm-none-eabi/lib/thumb/v7e-m/fpv4-sp/hard\libc_nano.a(lib_a-strlen.o)
 .ARM.attributes
                0x0000000000000217       0x22 c:/st/stm32cubeide_1.1.0/stm32cubeide/plugins/com.st.stm32cube.ide.mcu.externaltools.gnu-tools-for-stm32.7-2018-q2-update.win32_1.0.0.201904181610/tools/bin/../lib/gcc/arm-none-eabi/7.3.1/thumb/v7e-m/fpv4-sp/hard/crtn.o
OUTPUT(STM32_LCD_Libraries.elf elf32-littlearm)

.debug_info     0x0000000000000000     0x2a6e
 .debug_info    0x0000000000000000      0xc32 LCD16x2/LCD.o
 .debug_info    0x0000000000000c32      0x62b StdPeriph_Driver/src/stm32f4xx_gpio.o
 .debug_info    0x000000000000125d      0xf8e StdPeriph_Driver/src/stm32f4xx_rcc.o
 .debug_info    0x00000000000021eb      0x240 src/main.o
 .debug_info    0x000000000000242b      0x621 src/system_stm32f4xx.o
 .debug_info    0x0000000000002a4c       0x22 startup/startup_stm32.o

.debug_abbrev   0x0000000000000000      0x809
 .debug_abbrev  0x0000000000000000      0x1f2 LCD16x2/LCD.o
 .debug_abbrev  0x00000000000001f2      0x1bf StdPeriph_Driver/src/stm32f4xx_gpio.o
 .debug_abbrev  0x00000000000003b1      0x1d4 StdPeriph_Driver/src/stm32f4xx_rcc.o
 .debug_abbrev  0x0000000000000585      0x115 src/main.o
 .debug_abbrev  0x000000000000069a      0x15d src/system_stm32f4xx.o
 .debug_abbrev  0x00000000000007f7       0x12 startup/startup_stm32.o

.debug_aranges  0x0000000000000000      0x320
 .debug_aranges
                0x0000000000000000       0x38 LCD16x2/LCD.o
 .debug_aranges
                0x0000000000000038       0x88 StdPeriph_Driver/src/stm32f4xx_gpio.o
 .debug_aranges
                0x00000000000000c0      0x1e8 StdPeriph_Driver/src/stm32f4xx_rcc.o
 .debug_aranges
                0x00000000000002a8       0x20 src/main.o
 .debug_aranges
                0x00000000000002c8       0x30 src/system_stm32f4xx.o
 .debug_aranges
                0x00000000000002f8       0x28 startup/startup_stm32.o

.debug_ranges   0x0000000000000000      0x2c8
 .debug_ranges  0x0000000000000000       0x28 LCD16x2/LCD.o
 .debug_ranges  0x0000000000000028       0x78 StdPeriph_Driver/src/stm32f4xx_gpio.o
 .debug_ranges  0x00000000000000a0      0x1d8 StdPeriph_Driver/src/stm32f4xx_rcc.o
 .debug_ranges  0x0000000000000278       0x10 src/main.o
 .debug_ranges  0x0000000000000288       0x20 src/system_stm32f4xx.o
 .debug_ranges  0x00000000000002a8       0x20 startup/startup_stm32.o

.debug_macro    0x0000000000000000    0x121a2
 .debug_macro   0x0000000000000000      0x2b8 LCD16x2/LCD.o
 .debug_macro   0x00000000000002b8      0xa72 LCD16x2/LCD.o
 .debug_macro   0x0000000000000d2a       0x22 LCD16x2/LCD.o
 .debug_macro   0x0000000000000d4c       0x40 LCD16x2/LCD.o
 .debug_macro   0x0000000000000d8c       0x18 LCD16x2/LCD.o
 .debug_macro   0x0000000000000da4       0x94 LCD16x2/LCD.o
 .debug_macro   0x0000000000000e38       0x3c LCD16x2/LCD.o
 .debug_macro   0x0000000000000e74       0x34 LCD16x2/LCD.o
 .debug_macro   0x0000000000000ea8      0x174 LCD16x2/LCD.o
 .debug_macro   0x000000000000101c       0x57 LCD16x2/LCD.o
 .debug_macro   0x0000000000001073       0x52 LCD16x2/LCD.o
 .debug_macro   0x00000000000010c5       0x1f LCD16x2/LCD.o
 .debug_macro   0x00000000000010e4       0x43 LCD16x2/LCD.o
 .debug_macro   0x0000000000001127       0x20 LCD16x2/LCD.o
 .debug_macro   0x0000000000001147      0x1a3 LCD16x2/LCD.o
 .debug_macro   0x00000000000012ea      0x330 LCD16x2/LCD.o
 .debug_macro   0x000000000000161a       0x10 LCD16x2/LCD.o
 .debug_macro   0x000000000000162a       0x35 LCD16x2/LCD.o
 .debug_macro   0x000000000000165f       0x20 LCD16x2/LCD.o
 .debug_macro   0x000000000000167f       0x65 LCD16x2/LCD.o
 .debug_macro   0x00000000000016e4       0x3b LCD16x2/LCD.o
 .debug_macro   0x000000000000171f       0xef LCD16x2/LCD.o
 .debug_macro   0x000000000000180e       0x6a LCD16x2/LCD.o
 .debug_macro   0x0000000000001878      0x1df LCD16x2/LCD.o
 .debug_macro   0x0000000000001a57       0x34 LCD16x2/LCD.o
 .debug_macro   0x0000000000001a8b       0x26 LCD16x2/LCD.o
 .debug_macro   0x0000000000001ab1      0xe43 LCD16x2/LCD.o
 .debug_macro   0x00000000000028f4     0x9f98 LCD16x2/LCD.o
 .debug_macro   0x000000000000c88c      0x448 LCD16x2/LCD.o
 .debug_macro   0x000000000000ccd4       0xb2 LCD16x2/LCD.o
 .debug_macro   0x000000000000cd86      0x477 LCD16x2/LCD.o
 .debug_macro   0x000000000000d1fd       0xb5 LCD16x2/LCD.o
 .debug_macro   0x000000000000d2b2      0x41c LCD16x2/LCD.o
 .debug_macro   0x000000000000d6ce      0x341 LCD16x2/LCD.o
 .debug_macro   0x000000000000da0f      0x2ba LCD16x2/LCD.o
 .debug_macro   0x000000000000dcc9       0x64 LCD16x2/LCD.o
 .debug_macro   0x000000000000dd2d      0x100 LCD16x2/LCD.o
 .debug_macro   0x000000000000de2d      0x76d LCD16x2/LCD.o
 .debug_macro   0x000000000000e59a      0x59e LCD16x2/LCD.o
 .debug_macro   0x000000000000eb38      0x342 LCD16x2/LCD.o
 .debug_macro   0x000000000000ee7a      0x36c LCD16x2/LCD.o
 .debug_macro   0x000000000000f1e6      0x114 LCD16x2/LCD.o
 .debug_macro   0x000000000000f2fa      0x73b LCD16x2/LCD.o
 .debug_macro   0x000000000000fa35      0x223 LCD16x2/LCD.o
 .debug_macro   0x000000000000fc58       0x34 LCD16x2/LCD.o
 .debug_macro   0x000000000000fc8c       0x82 LCD16x2/LCD.o
 .debug_macro   0x000000000000fd0e      0x144 LCD16x2/LCD.o
 .debug_macro   0x000000000000fe52       0xc3 LCD16x2/LCD.o
 .debug_macro   0x000000000000ff15      0x3cf LCD16x2/LCD.o
 .debug_macro   0x00000000000102e4      0x188 LCD16x2/LCD.o
 .debug_macro   0x000000000001046c      0x149 LCD16x2/LCD.o
 .debug_macro   0x00000000000105b5      0x21e LCD16x2/LCD.o
 .debug_macro   0x00000000000107d3      0x23a LCD16x2/LCD.o
 .debug_macro   0x0000000000010a0d      0x359 LCD16x2/LCD.o
 .debug_macro   0x0000000000010d66      0x287 LCD16x2/LCD.o
 .debug_macro   0x0000000000010fed      0x29a LCD16x2/LCD.o
 .debug_macro   0x0000000000011287      0x142 LCD16x2/LCD.o
 .debug_macro   0x00000000000113c9      0x191 LCD16x2/LCD.o
 .debug_macro   0x000000000001155a       0x35 LCD16x2/LCD.o
 .debug_macro   0x000000000001158f      0x1fc StdPeriph_Driver/src/stm32f4xx_gpio.o
 .debug_macro   0x000000000001178b      0x33b StdPeriph_Driver/src/stm32f4xx_gpio.o
 .debug_macro   0x0000000000011ac6      0x2cb StdPeriph_Driver/src/stm32f4xx_rcc.o
 .debug_macro   0x0000000000011d91      0x1f8 src/main.o
 .debug_macro   0x0000000000011f89      0x219 src/system_stm32f4xx.o

.debug_line     0x0000000000000000     0x30a6
 .debug_line    0x0000000000000000      0x9dc LCD16x2/LCD.o
 .debug_line    0x00000000000009dc      0x935 StdPeriph_Driver/src/stm32f4xx_gpio.o
 .debug_line    0x0000000000001311      0xcb2 StdPeriph_Driver/src/stm32f4xx_rcc.o
 .debug_line    0x0000000000001fc3      0x825 src/main.o
 .debug_line    0x00000000000027e8      0x842 src/system_stm32f4xx.o
 .debug_line    0x000000000000302a       0x7c startup/startup_stm32.o

.debug_str      0x0000000000000000    0x71212
 .debug_str     0x0000000000000000    0x700a5 LCD16x2/LCD.o
                                      0x70462 (size before relaxing)
 .debug_str     0x00000000000700a5      0x189 StdPeriph_Driver/src/stm32f4xx_gpio.o
                                      0x6d228 (size before relaxing)
 .debug_str     0x000000000007022e      0xe86 StdPeriph_Driver/src/stm32f4xx_rcc.o
                                      0x6de04 (size before relaxing)
 .debug_str     0x00000000000710b4       0x13 src/main.o
                                      0x6cfc3 (size before relaxing)
 .debug_str     0x00000000000710c7      0x122 src/system_stm32f4xx.o
                                      0x6d187 (size before relaxing)
 .debug_str     0x00000000000711e9       0x29 startup/startup_stm32.o
                                         0x85 (size before relaxing)

.comment        0x0000000000000000       0x7b
 .comment       0x0000000000000000       0x7b LCD16x2/LCD.o
                                         0x7c (size before relaxing)
 .comment       0x000000000000007b       0x7c StdPeriph_Driver/src/stm32f4xx_gpio.o
 .comment       0x000000000000007b       0x7c StdPeriph_Driver/src/stm32f4xx_rcc.o
 .comment       0x000000000000007b       0x7c src/main.o
 .comment       0x000000000000007b       0x7c src/system_stm32f4xx.o

.debug_frame    0x0000000000000000      0xcd8
 .debug_frame   0x0000000000000000       0xa0 LCD16x2/LCD.o
 .debug_frame   0x00000000000000a0      0x23c StdPeriph_Driver/src/stm32f4xx_gpio.o
 .debug_frame   0x00000000000002dc      0x904 StdPeriph_Driver/src/stm32f4xx_rcc.o
 .debug_frame   0x0000000000000be0       0x30 src/main.o
 .debug_frame   0x0000000000000c10       0x7c src/system_stm32f4xx.o
 .debug_frame   0x0000000000000c8c       0x2c c:/st/stm32cubeide_1.1.0/stm32cubeide/plugins/com.st.stm32cube.ide.mcu.externaltools.gnu-tools-for-stm32.7-2018-q2-update.win32_1.0.0.201904181610/tools/bin/../lib/gcc/arm-none-eabi/7.3.1/../../../../arm-none-eabi/lib/thumb/v7e-m/fpv4-sp/hard\libc_nano.a(lib_a-init.o)
 .debug_frame   0x0000000000000cb8       0x20 c:/st/stm32cubeide_1.1.0/stm32cubeide/plugins/com.st.stm32cube.ide.mcu.externaltools.gnu-tools-for-stm32.7-2018-q2-update.win32_1.0.0.201904181610/tools/bin/../lib/gcc/arm-none-eabi/7.3.1/../../../../arm-none-eabi/lib/thumb/v7e-m/fpv4-sp/hard\libc_nano.a(lib_a-memset.o)
